[2025-10-16 13:46:22] [INFO] 動画 Cut_7.mp4 のジャンルを「走り」に設定
[2025-10-16 13:47:06] [INFO] 動画 Cut_5.mp4 のジャンルを「投げる」に設定
[2025-10-16 13:47:37] [INFO] 動画 Cut_2.mp4 のジャンルを「歩き」に設定
[2025-10-16 13:47:50] [INFO] 動画 Cut_3.mp4 のジャンルを「アクション」に設定
[2025-10-16 13:47:50] [INFO] 動画 Cut_9.mp4 のジャンルを「アクション」に設定
[2025-10-16 13:47:51] [INFO] 動画 Cut_3.mp4 のジャンルを「アクション」に設定
[2025-10-16 13:47:51] [INFO] 動画 Cut_9.mp4 のジャンルを「アクション」に設定
[2025-10-16 13:48:11] [INFO] 動画 Cut_9.mp4 のジャンルを「アクション」に設定
[2025-10-16 13:48:11] [INFO] 動画 Cut_9.mp4 のジャンルを「アクション」に設定
[2025-10-16 13:48:11] [INFO] 動画 Cut_9.mp4 のジャンルを「アクション」に設定
[2025-10-16 13:48:11] [INFO] 動画 Cut_9.mp4 のジャンルを「アクション」に設定
[2025-10-16 13:48:11] [INFO] 動画 Cut_9.mp4 のジャンルを「アクション」に設定
[2025-10-16 13:52:48] [INFO] 動画 Cut_4.mp4 のジャンルを「歩き」に設定

[2025-10-16 14:00:14] [INFO] START
[2025-10-16 14:00:24] [INFO] 動画 Cut_3.mp4 のジャンルを「歩き」に設定
[2025-10-16 14:00:25] [INFO] END


[2025-10-16 14:00:29] [INFO] START
[2025-10-16 14:01:37] [INFO] START
[2025-10-16 14:03:26] [INFO] START
[2025-10-16 14:04:30] [INFO] START
[2025-10-16 14:04:35] [INFO] 動画 Cut_3.mp4 を追加
[2025-10-16 14:04:35] [INFO] 動画 Cut_4.mp4 を追加
[2025-10-16 14:04:35] [INFO] 動画 Cut_5.mp4 を追加
[2025-10-16 14:04:35] [INFO] 動画 Cut_6.mp4 を追加
[2025-10-16 14:04:36] [INFO] 動画 Cut_7.mp4 を追加
[2025-10-16 14:04:36] [INFO] 動画 Cut_8.mp4 を追加
[2025-10-16 14:04:36] [INFO] 動画 Cut_9.mp4 を追加
[2025-10-16 14:05:24] [INFO] END


